Microchip MPLAB XC8 Compiler V2.40

Linker command line:

-W-3 \
  --edf=E:\Program Files\Microchip\xc8\v2.40\pic\dat\20220703182018_en.msgs \
  -cn -h+dist/default/production\ed2_4_master.X.production.sym \
  --cmf=dist/default/production\ed2_4_master.X.production.cmf -z -Q16F887 \
  -oC:\Users\lemus\AppData\Local\Temp\xcAsf7s.4 --defsym=__MPLAB_BUILD=1 \
  --fixupoverflow=error \
  -Mdist/default/production/ed2_4_master.X.production.map \
  --md=C:\Users\lemus\AppData\Local\Temp\xcAsf7s.dat -E1 -ver=XC8 Compiler \
  --acfsm=1493 -ACODE=00h-07FFhx4 -ASTRCODE=00h-01FFFh -ASTRING=00h-0FFhx32 \
  -ACONST=00h-0FFhx32 -AENTRY=00h-0FFhx32 -ACOMMON=070h-07Fh \
  -ABANK0=020h-06Fh -ABANK1=0A0h-0EFh -ABANK2=0110h-016Fh \
  -ABANK3=0190h-01EFh -ARAM=020h-06Fh,0A0h-0EFh,0110h-016Fh,0190h-01EFh \
  -AABS1=020h-07Fh,0A0h-0EFh,0110h-016Fh,0190h-01EFh -ASFR0=00h-01Fh \
  -ASFR1=080h-09Fh -ASFR2=0100h-010Fh -ASFR3=0180h-018Fh \
  -ACONFIG=02007h-02008h -DCONFIG=2 -AIDLOC=02000h-02003h -DIDLOC=2 \
  -AEEDATA=00h-0FFh/02100h -peeprom_data=EEDATA -DEEDATA=2 -DCODE=2 \
  -DSTRCODE=2 -DSTRING=2 -DCONST=2 -DENTRY=2 \
  -preset_vec=00h,intentry,init,end_init -ppowerup=CODE -pcinit=CODE \
  -pfunctab=ENTRY -k C:\Users\lemus\AppData\Local\Temp\xcAsf7s.o \
  dist/default/production\ed2_4_master.X.production.o 

Object code version is 3.11

Machine type is 16F887



                Name                               Link     Load   Length Selector   Space Scale
C:\Users\lemus\AppData\Local\Temp\xcAsf7s.o
                end_init                              0        0        3        0       0
                config                             2007     2007        2        0       4
                idloc                              2000     2000        4        0       5
dist/default/production\ed2_4_master.X.production.o
                cinit                               7F3      7F3        D      FE6       0
                config                             2007     2007        2        0       4
                idloc                              2000     2000        4        0       5
                text16                              480      480        B      900       0
                text15                              46C      46C        A      8D8       0
                text14                              476      476        A      8EC       0
                text13                              498      498        E      930       0
                text12                              4F9      4F9       22      9F2       0
                text11                              4A6      4A6       1A      94C       0
                text10                              48B      48B        D      916       0
                text9                               656      656       5E      CAC       0
                text8                               610      610       46      C20       0
                text7                               51B      51B       35      A36       0
                text6                               58A      58A       42      B14       0
                text5                               4DA      4DA       1F      9B4       0
                text4                               4C0      4C0       1A      980       0
                text3                               5CC      5CC       44      B98       0
                text2                               550      550       3A      AA0       0
                text1                               719      719       DA      E32       0
                maintext                            6B4      6B4       65      D68       0
                cstackBANK0                          35       35        F       20       1
                cstackCOMMON                         70       70        E       70       1
                clrtext                             464      464        8      8C8       0
                bssBANK0                             20       20       15       20       1
                strings                               3        3       21        6       0

TOTAL           Name                               Link     Load   Length     Space
        CLASS   CODE           
                end_init                              0        0        3         0
                cinit                               7F3      7F3        D         0
                text16                              480      480        B         0
                text15                              46C      46C        A         0
                text14                              476      476        A         0
                text13                              498      498        E         0
                text12                              4F9      4F9       22         0
                text11                              4A6      4A6       1A         0
                text10                              48B      48B        D         0
                text9                               656      656       5E         0
                text8                               610      610       46         0
                text7                               51B      51B       35         0
                text6                               58A      58A       42         0
                text5                               4DA      4DA       1F         0
                text4                               4C0      4C0       1A         0
                text3                               5CC      5CC       44         0
                text2                               550      550       3A         0
                text1                               719      719       DA         0
                maintext                            6B4      6B4       65         0
                clrtext                             464      464        8         0

        CLASS   STRCODE        

        CLASS   STRING         
                strings                               3        3       21         0

        CLASS   CONST          

        CLASS   ENTRY          

        CLASS   COMMON         
                cstackCOMMON                         70       70        E         1

        CLASS   BANK0          
                cstackBANK0                          35       35        F         1
                bssBANK0                             20       20       15         1

        CLASS   BANK1          

        CLASS   BANK2          

        CLASS   BANK3          

        CLASS   RAM            

        CLASS   ABS1           
                abs_s1                               7E       7E        2         1

        CLASS   SFR0           

        CLASS   SFR1           

        CLASS   SFR2           

        CLASS   SFR3           

        CLASS   CONFIG         
                config                             2007     2007        2         4

        CLASS   IDLOC          
                idloc                              2000     2000        4         5

        CLASS   EEDATA         

        CLASS   STACK          



SEGMENTS        Name                           Load    Length   Top    Selector   Space  Class     Delta

                reset_vec                      000000  000003  000003         0       0  CODE        2
                strings                        000003  000021  000024         6       0  STRING      2
                bssBANK0                       000020  000024  000044        20       1  BANK0       1
                cstackCOMMON                   000070  00000E  00007E        70       1  COMMON      1
                clrtext                        000464  000008  00046C       8C8       0  CODE        2
                text15                         00046C  00000A  000476       8D8       0  CODE        2
                text14                         000476  00000A  000480       8EC       0  CODE        2
                text16                         000480  00000B  00048B       900       0  CODE        2
                text10                         00048B  00000D  000498       916       0  CODE        2
                text13                         000498  00000E  0004A6       930       0  CODE        2
                text11                         0004A6  00001A  0004C0       94C       0  CODE        2
                text4                          0004C0  00001A  0004DA       980       0  CODE        2
                text5                          0004DA  00001F  0004F9       9B4       0  CODE        2
                text12                         0004F9  000022  00051B       9F2       0  CODE        2
                text7                          00051B  000035  000550       A36       0  CODE        2
                text2                          000550  00003A  00058A       AA0       0  CODE        2
                text6                          00058A  000042  0005CC       B14       0  CODE        2
                text3                          0005CC  000044  000610       B98       0  CODE        2
                text8                          000610  000046  000656       C20       0  CODE        2
                text9                          000656  00005E  0006B4       CAC       0  CODE        2
                maintext                       0006B4  000065  000719       D68       0  CODE        2
                text1                          000719  0000DA  0007F3       E32       0  CODE        2
                cinit                          0007F3  00000D  000800       FE6       0  CODE        2


UNUSED ADDRESS RANGES

        Name                Unused          Largest block    Delta
        BANK0            0044-006F             2C           1
        BANK1            00A0-00EF             50           1
        BANK2            0110-016F             60           1
        BANK3            0190-01EF             60           1
        CODE             0024-0463            440           2
                         0800-1FFF            800
        CONST            0024-0463            100           2
                         0800-1FFF            100
        EEDATA           2100-21FF            100           2
        ENTRY            0024-0463            100           2
                         0800-1FFF            100
        RAM              0044-006F             2C           1
                         00A0-00EF             50
                         0110-016F             60
                         0190-01EF             60
        SFR0             0000-001F             20           1
        SFR1             0080-009F             20           1
        SFR2             0100-010F             10           1
        SFR3             0180-018F             10           1
        STRCODE          0024-0463            440           2
                         0800-1FFF           1800
        STRING           0024-0463            100           2
                         0800-1FFF            100

                                  Symbol Table

?___lwdiv                 cstackCOMMON 0070
?___lwmod                 cstackCOMMON 0078
?_sprintf                 cstackBANK0  0035
I2C_Init_Master@sp_i2c    cstackCOMMON 0070
I2C_Write@data            cstackCOMMON 0070
Lcd_Cmd@a                 cstackCOMMON 0073
Lcd_Port@a                cstackCOMMON 0070
Lcd_Set_Cursor@a          cstackCOMMON 0076
Lcd_Set_Cursor@b          cstackCOMMON 0074
Lcd_Set_Cursor@temp       cstackCOMMON 0079
Lcd_Set_Cursor@y          cstackCOMMON 0078
Lcd_Set_Cursor@z          cstackCOMMON 0077
Lcd_Write_Char@a          cstackCOMMON 0074
Lcd_Write_Char@temp       cstackCOMMON 0072
Lcd_Write_Char@y          cstackCOMMON 0073
Lcd_Write_String@a        cstackCOMMON 0075
Lcd_Write_String@i        cstackCOMMON 007A
_ANSEL                    (abs)        0188
_ANSELH                   (abs)        0189
_I2C_Init_Master          text5        04DA
_I2C_Read                 text16       0480
_I2C_Start                text15       046C
_I2C_Stop                 text14       0476
_I2C_Write                text13       0498
_Lcd_Clear                text10       048B
_Lcd_Cmd                  text11       04A6
_Lcd_Init                 text9        0656
_Lcd_Port                 text12       04F9
_Lcd_Set_Cursor           text8        0610
_Lcd_Write_Char           text7        051B
_Lcd_Write_String         text6        058A
_OSCCONbits               (abs)        008F
_PIR1bits                 (abs)        000C
_PORTB                    (abs)        0006
_PORTBbits                (abs)        0006
_PORTC                    (abs)        0007
_PORTD                    (abs)        0008
_PORTDbits                (abs)        0008
_SSPADD                   (abs)        0093
_SSPBUF                   (abs)        0013
_SSPCON                   (abs)        0014
_SSPCON2                  (abs)        0091
_SSPCON2bits              (abs)        0091
_SSPSTAT                  (abs)        0094
_TRISB                    (abs)        0086
_TRISCbits                (abs)        0087
_TRISD                    (abs)        0088
__Habs1                   abs1         0000
__Hbank0                  bank0        0000
__Hbank1                  bank1        0000
__Hbank2                  bank2        0000
__Hbank3                  bank3        0000
__HbssBANK0               bssBANK0     0000
__Hcinit                  cinit        0800
__Hclrtext                clrtext      0000
__Hcode                   code         0000
__Hcommon                 common       0000
__Hconfig                 config       2009
__HcstackBANK0            cstackBANK0  0000
__HcstackCOMMON           cstackCOMMON 0000
__Heeprom_data            eeprom_data  0000
__Hend_init               end_init     0003
__Hfunctab                functab      0000
__Hidloc                  idloc        2004
__Hinit                   init         0000
__Hintentry               intentry     0000
__Hmaintext               maintext     0000
__Hpowerup                powerup      0000
__Hram                    ram          0000
__Hreset_vec              reset_vec    0000
__Hsfr0                   sfr0         0000
__Hsfr1                   sfr1         0000
__Hsfr2                   sfr2         0000
__Hsfr3                   sfr3         0000
__Hspace_0                (abs)        0800
__Hspace_1                (abs)        007E
__Hspace_2                (abs)        0000
__Hspace_3                (abs)        0000
__Hspace_4                (abs)        4010
__Hstack                  stack        0000
__Hstrings                strings      0000
__Htext                   text         0000
__Labs1                   abs1         0000
__Lbank0                  bank0        0000
__Lbank1                  bank1        0000
__Lbank2                  bank2        0000
__Lbank3                  bank3        0000
__LbssBANK0               bssBANK0     0000
__Lcinit                  cinit        07F3
__Lclrtext                clrtext      0000
__Lcode                   code         0000
__Lcommon                 common       0000
__Lconfig                 config       0000
__LcstackBANK0            cstackBANK0  0000
__LcstackCOMMON           cstackCOMMON 0000
__Leeprom_data            eeprom_data  0000
__Lend_init               end_init     0000
__Lfunctab                functab      0000
__Lidloc                  idloc        0000
__Linit                   init         0000
__Lintentry               intentry     0000
__Lmaintext               maintext     0000
__Lpowerup                powerup      0000
__Lram                    ram          0000
__Lreset_vec              reset_vec    0000
__Lsfr0                   sfr0         0000
__Lsfr1                   sfr1         0000
__Lsfr2                   sfr2         0000
__Lsfr3                   sfr3         0000
__Lspace_0                (abs)        0000
__Lspace_1                (abs)        0000
__Lspace_2                (abs)        0000
__Lspace_3                (abs)        0000
__Lspace_4                (abs)        0000
__Lstack                  stack        0000
__Lstrings                strings      0000
__Ltext                   text         0000
__S0                      (abs)        0800
__S1                      (abs)        007E
__S3                      (abs)        0000
___int_sp                 stack        0000
___latbits                (abs)        0002
___lwdiv                  text3        05CC
___lwdiv@counter          cstackCOMMON 0077
___lwdiv@dividend         cstackCOMMON 0072
___lwdiv@divisor          cstackCOMMON 0070
___lwdiv@quotient         cstackCOMMON 0075
___lwmod                  text2        0550
___lwmod@counter          cstackCOMMON 007D
___lwmod@dividend         cstackCOMMON 007A
___lwmod@divisor          cstackCOMMON 0078
___sp                     stack        0000
___stackhi                (abs)        0000
___stacklo                (abs)        0000
__end_of_I2C_Init_Master  text5        04F9
__end_of_I2C_Read         text16       048B
__end_of_I2C_Start        text15       0476
__end_of_I2C_Stop         text14       0480
__end_of_I2C_Write        text13       04A6
__end_of_Lcd_Clear        text10       0498
__end_of_Lcd_Cmd          text11       04C0
__end_of_Lcd_Init         text9        06B4
__end_of_Lcd_Port         text12       051B
__end_of_Lcd_Set_Cursor   text8        0656
__end_of_Lcd_Write_Char   text7        0550
__end_of_Lcd_Write_String text6        05CC
__end_of___lwdiv          text3        0610
__end_of___lwmod          text2        058A
__end_of__initialization  cinit        07FC
__end_of__stringtab       strings      0013
__end_of_dpowers          strings      001D
__end_of_main             maintext     0719
__end_of_setup            text4        04DA
__end_of_sprintf          text1        07F3
__initialization          cinit        07F3
__pbssBANK0               bssBANK0     0020
__pcstackBANK0            cstackBANK0  0035
__pcstackCOMMON           cstackCOMMON 0070
__pmaintext               maintext     06B4
__pstrings                strings      0003
__ptext1                  text1        0719
__ptext10                 text10       048B
__ptext11                 text11       04A6
__ptext12                 text12       04F9
__ptext13                 text13       0498
__ptext14                 text14       0476
__ptext15                 text15       046C
__ptext16                 text16       0480
__ptext2                  text2        0550
__ptext3                  text3        05CC
__ptext4                  text4        04C0
__ptext5                  text5        04DA
__ptext6                  text6        058A
__ptext7                  text7        051B
__ptext8                  text8        0610
__ptext9                  text9        0656
__stringbase              strings      0012
__stringtab               strings      0003
_buffer                   bssBANK0     0021
_dpowers                  strings      0013
_main                     maintext     06B4
_setup                    text4        04C0
_sprintf                  text1        0719
_voltaje                  bssBANK0     0020
btemp                     (abs)        007E
clear_ram0                clrtext      0464
end_of_initialization     cinit        07FC
intlevel0                 functab      0000
intlevel1                 functab      0000
intlevel2                 functab      0000
intlevel3                 functab      0000
intlevel4                 functab      0000
intlevel5                 functab      0000
reset_vec                 reset_vec    0000
sprintf@ap                cstackBANK0  003B
sprintf@c                 cstackBANK0  0041
sprintf@f                 cstackBANK0  0035
sprintf@flag              cstackBANK0  003C
sprintf@prec              cstackBANK0  003D
sprintf@sp                cstackBANK0  0040
sprintf@val               cstackBANK0  003E
start                     init         0000
start_initialization      cinit        07F3
wtemp0                    (abs)        007E


MODULE INFORMATION

Module		Function		Class		Link	Load	Size
E:\Program Files\Microchip\xc8\v2.40\pic\sources\c90\common\lwmod.c
		___lwmod       		CODE           	0550	0000	58

E:\Program Files\Microchip\xc8\v2.40\pic\sources\c90\common\lwmod.c estimated size: 58

i2c.c
		_I2C_Init_Master		CODE           	04DA	0000	31
		_I2C_Write     		CODE           	0498	0000	14
		_I2C_Stop      		CODE           	0476	0000	10
		_I2C_Read      		CODE           	0480	0000	11
		_I2C_Start     		CODE           	046C	0000	10

i2c.c estimated size: 76

E:\Program Files\Microchip\xc8\v2.40\pic\sources\c90\common\lwdiv.c
		___lwdiv       		CODE           	05CC	0000	68

E:\Program Files\Microchip\xc8\v2.40\pic\sources\c90\common\lwdiv.c estimated size: 68

shared
		__stringtab    		STRING         	0003	0000	16
		_dpowers       		STRING         	0013	0000	10
		__initialization		CODE           	07F3	0000	9

shared estimated size: 35

main_master.c
		_main          		CODE           	06B4	0000	101
		_setup         		CODE           	04C0	0000	26

main_master.c estimated size: 127

E:\Program Files\Microchip\xc8\v2.40\pic\sources\c90\common\doprnt.c
		_sprintf       		CODE           	0719	0000	218

E:\Program Files\Microchip\xc8\v2.40\pic\sources\c90\common\doprnt.c estimated size: 218

LCD.c
		_Lcd_Write_String		CODE           	058A	0000	66
		_Lcd_Init      		CODE           	0656	0000	94
		_Lcd_Write_Char		CODE           	051B	0000	53
		_Lcd_Cmd       		CODE           	04A6	0000	26
		_Lcd_Set_Cursor		CODE           	0610	0000	70
		_Lcd_Clear     		CODE           	048B	0000	13
		_Lcd_Port      		CODE           	04F9	0000	34

LCD.c estimated size: 356

