Microchip MPLAB XC8 Compiler V2.40

Linker command line:

-W-3 \
  --edf=E:\Program Files\Microchip\xc8\v2.40\pic\dat\20220703182018_en.msgs \
  -cn -h+dist/default/production\ed2_4_master.X.production.sym \
  --cmf=dist/default/production\ed2_4_master.X.production.cmf -z -Q16F887 \
  -oC:\Users\lemus\AppData\Local\Temp\xcAs5l4.4 --defsym=__MPLAB_BUILD=1 \
  --fixupoverflow=error \
  -Mdist/default/production/ed2_4_master.X.production.map \
  --md=C:\Users\lemus\AppData\Local\Temp\xcAs5l4.dat -E1 -ver=XC8 Compiler \
  --acfsm=1493 -ACODE=00h-07FFhx4 -ASTRCODE=00h-01FFFh -ASTRING=00h-0FFhx32 \
  -ACONST=00h-0FFhx32 -AENTRY=00h-0FFhx32 -ACOMMON=070h-07Fh \
  -ABANK0=020h-06Fh -ABANK1=0A0h-0EFh -ABANK2=0110h-016Fh \
  -ABANK3=0190h-01EFh -ARAM=020h-06Fh,0A0h-0EFh,0110h-016Fh,0190h-01EFh \
  -AABS1=020h-07Fh,0A0h-0EFh,0110h-016Fh,0190h-01EFh -ASFR0=00h-01Fh \
  -ASFR1=080h-09Fh -ASFR2=0100h-010Fh -ASFR3=0180h-018Fh \
  -ACONFIG=02007h-02008h -DCONFIG=2 -AIDLOC=02000h-02003h -DIDLOC=2 \
  -AEEDATA=00h-0FFh/02100h -peeprom_data=EEDATA -DEEDATA=2 -DCODE=2 \
  -DSTRCODE=2 -DSTRING=2 -DCONST=2 -DENTRY=2 \
  -preset_vec=00h,intentry=04h,init,end_init -ppowerup=CODE -pcinit=CODE \
  -pfunctab=ENTRY -k C:\Users\lemus\AppData\Local\Temp\xcAs5l4.o \
  dist/default/production\ed2_4_master.X.production.o 

Object code version is 3.11

Machine type is 16F887



                Name                               Link     Load   Length Selector   Space Scale
C:\Users\lemus\AppData\Local\Temp\xcAs5l4.o
                end_init                              C        C        3        8       0
                reset_vec                             0        0        3        0       0
                config                             2007     2007        2        0       4
                idloc                              2000     2000        4        0       5
dist/default/production\ed2_4_master.X.production.o
                cinit                                 F        F       10        8       0
                intentry                              4        4        8        8       0
                config                             2007     2007        2        0       4
                idloc                              2000     2000        4        0       5
                text41                              CC6      CC6       14     198C       0
                text40                              C55      C55        A     18AA       0
                text39                              C5F      C5F        A     18BE       0
                text38                              CAA      CAA        E     1954       0
                text37                              D57      D57       23     1AAE       0
                text36                              D7A      D7A       23     1AF4       0
                text35                              D9D      D9D       23     1B3A       0
                text34                              211      211      1EB        8       0
                text33                              D37      D37       20     1A6E       0
                text32                              D1B      D1B       1C     1A36       0
                text31                              C9D      C9D        D     193A       0
                text30                              5D3      5D3       65        8       0
                text29                              D04      D04       17     1A08       0
                text28                              7E1      7E1       1C      D0E       0
                text27                              C87      C87        B     190E       0
                text26                              C92      C92        B     1924       0
                text25                              C69      C69        A     18D2       0
                text24                              C73      C73        A     18E6       0
                text23                              C7D      C7D        A     18FA       0
                text22                              CB8      CB8        E     1970       0
                text21                              7A3      7A3       3E      D0E       0
                text20                              F21      F21       35     1E42       0
                text19                              F56      F56       35     1EAC       0
                text18                              CEE      CEE       16     19DC       0
                text17                              DE5      DE5       27     1BCA       0
                text16                              E0C      E0C       27     1C18       0
                text15                              E33      E33       27     1C66       0
                text14                              E5A      E5A       27     1CB4       0
                text13                              E81      E81       27     1D02       0
                text12                              EA8      EA8       27     1D50       0
                text11                              687      687       4C      D0E       0
                text10                              F8B      F8B       39     1F16       0
                text9                               719      719       46      D0E       0
                text8                               6D3      6D3       46      D0E       0
                text7                               FC4      FC4       3C     1F88       0
                text6                               ECF      ECF       27     1D9E       0
                text5                               CDA      CDA       14     19B4       0
                text4                               3FC      3FC      1D7        8       0
                text3                               75F      75F       44      D0E       0
                text2                               EF6      EF6       2B     1DEC       0
                text1                               DC0      DC0       25     1B80       0
                maintext                             1F       1F      1F2        8       0
                cstackBANK0                          20       20       29       20       1
                cstackCOMMON                         70       70        7       70       1
                clrtext                             C4D      C4D        8     189A       0
                bssBANK0                             49       49       1C       20       1
                bssCOMMON                            77       77        3       70       1
                strings                             638      638       4F      C70       0

TOTAL           Name                               Link     Load   Length     Space
        CLASS   CODE           
                end_init                              C        C        3         0
                cinit                                 F        F       10         0
                intentry                              4        4        8         0
                reset_vec                             0        0        3         0
                text41                              CC6      CC6       14         0
                text40                              C55      C55        A         0
                text39                              C5F      C5F        A         0
                text38                              CAA      CAA        E         0
                text37                              D57      D57       23         0
                text36                              D7A      D7A       23         0
                text35                              D9D      D9D       23         0
                text34                              211      211      1EB         0
                text33                              D37      D37       20         0
                text32                              D1B      D1B       1C         0
                text31                              C9D      C9D        D         0
                text30                              5D3      5D3       65         0
                text29                              D04      D04       17         0
                text28                              7E1      7E1       1C         0
                text27                              C87      C87        B         0
                text26                              C92      C92        B         0
                text25                              C69      C69        A         0
                text24                              C73      C73        A         0
                text23                              C7D      C7D        A         0
                text22                              CB8      CB8        E         0
                text21                              7A3      7A3       3E         0
                text20                              F21      F21       35         0
                text19                              F56      F56       35         0
                text18                              CEE      CEE       16         0
                text17                              DE5      DE5       27         0
                text16                              E0C      E0C       27         0
                text15                              E33      E33       27         0
                text14                              E5A      E5A       27         0
                text13                              E81      E81       27         0
                text12                              EA8      EA8       27         0
                text11                              687      687       4C         0
                text10                              F8B      F8B       39         0
                text9                               719      719       46         0
                text8                               6D3      6D3       46         0
                text7                               FC4      FC4       3C         0
                text6                               ECF      ECF       27         0
                text5                               CDA      CDA       14         0
                text4                               3FC      3FC      1D7         0
                text3                               75F      75F       44         0
                text2                               EF6      EF6       2B         0
                text1                               DC0      DC0       25         0
                maintext                             1F       1F      1F2         0
                clrtext                             C4D      C4D        8         0

        CLASS   STRCODE        

        CLASS   STRING         
                strings                             638      638       4F         0

        CLASS   CONST          

        CLASS   ENTRY          

        CLASS   COMMON         
                cstackCOMMON                         70       70        7         1
                bssCOMMON                            77       77        3         1

        CLASS   BANK0          
                cstackBANK0                          20       20       29         1
                bssBANK0                             49       49       1C         1

        CLASS   BANK1          

        CLASS   BANK2          

        CLASS   BANK3          

        CLASS   RAM            

        CLASS   ABS1           
                abs_s1                               7E       7E        2         1

        CLASS   SFR0           

        CLASS   SFR1           

        CLASS   SFR2           

        CLASS   SFR3           

        CLASS   CONFIG         
                config                             2007     2007        2         4

        CLASS   IDLOC          
                idloc                              2000     2000        4         5

        CLASS   EEDATA         

        CLASS   STACK          



SEGMENTS        Name                           Load    Length   Top    Selector   Space  Class     Delta

                reset_vec                      000000  000003  000003         0       0  CODE        2
                intentry                       000004  000634  000638         8       0  CODE        2
                cstackBANK0                    000020  000045  000065        20       1  BANK0       1
                cstackCOMMON                   000070  00000A  00007A        70       1  COMMON      1
                strings                        000638  00004F  000687       C70       0  STRING      2
                text11                         000687  000176  0007FD       D0E       0  CODE        2
                clrtext                        000C4D  000008  000C55      189A       0  CODE        2
                text40                         000C55  00000A  000C5F      18AA       0  CODE        2
                text39                         000C5F  00000A  000C69      18BE       0  CODE        2
                text25                         000C69  00000A  000C73      18D2       0  CODE        2
                text24                         000C73  00000A  000C7D      18E6       0  CODE        2
                text23                         000C7D  00000A  000C87      18FA       0  CODE        2
                text27                         000C87  00000B  000C92      190E       0  CODE        2
                text26                         000C92  00000B  000C9D      1924       0  CODE        2
                text31                         000C9D  00000D  000CAA      193A       0  CODE        2
                text38                         000CAA  00000E  000CB8      1954       0  CODE        2
                text22                         000CB8  00000E  000CC6      1970       0  CODE        2
                text41                         000CC6  000014  000CDA      198C       0  CODE        2
                text5                          000CDA  000014  000CEE      19B4       0  CODE        2
                text18                         000CEE  000016  000D04      19DC       0  CODE        2
                text29                         000D04  000017  000D1B      1A08       0  CODE        2
                text32                         000D1B  00001C  000D37      1A36       0  CODE        2
                text33                         000D37  000020  000D57      1A6E       0  CODE        2
                text37                         000D57  000023  000D7A      1AAE       0  CODE        2
                text36                         000D7A  000023  000D9D      1AF4       0  CODE        2
                text35                         000D9D  000023  000DC0      1B3A       0  CODE        2
                text1                          000DC0  000025  000DE5      1B80       0  CODE        2
                text17                         000DE5  000027  000E0C      1BCA       0  CODE        2
                text16                         000E0C  000027  000E33      1C18       0  CODE        2
                text15                         000E33  000027  000E5A      1C66       0  CODE        2
                text14                         000E5A  000027  000E81      1CB4       0  CODE        2
                text13                         000E81  000027  000EA8      1D02       0  CODE        2
                text12                         000EA8  000027  000ECF      1D50       0  CODE        2
                text6                          000ECF  000027  000EF6      1D9E       0  CODE        2
                text2                          000EF6  00002B  000F21      1DEC       0  CODE        2
                text20                         000F21  000035  000F56      1E42       0  CODE        2
                text19                         000F56  000035  000F8B      1EAC       0  CODE        2
                text10                         000F8B  000039  000FC4      1F16       0  CODE        2
                text7                          000FC4  00003C  001000      1F88       0  CODE        2


UNUSED ADDRESS RANGES

        Name                Unused          Largest block    Delta
        BANK0            0065-006F              B           1
        BANK1            00A0-00EF             50           1
        BANK2            0110-016F             60           1
        BANK3            0190-01EF             60           1
        CODE             0003-0003              1           2
                         07FD-0C4C              3
                         1000-1FFF            800
        COMMON           007A-007D              4           1
        CONST            0003-0003              1           2
                         07FD-0C4C            100
                         1000-1FFF            100
        EEDATA           2100-21FF            100           2
        ENTRY            0003-0003              1           2
                         07FD-0C4C            100
                         1000-1FFF            100
        RAM              0065-006F              B           1
                         00A0-00EF             50
                         0110-016F             60
                         0190-01EF             60
        SFR0             0000-001F             20           1
        SFR1             0080-009F             20           1
        SFR2             0100-010F             10           1
        SFR3             0180-018F             10           1
        STRCODE          0003-0003              1           2
                         07FD-0C4C            450
                         1000-1FFF           1000
        STRING           0003-0003              1           2
                         07FD-0C4C            100
                         1000-1FFF            100

                                  Symbol Table

?___lwdiv                 cstackBANK0  0020
?___lwmod                 cstackBANK0  0028
?___wmul                  cstackBANK0  0020
?_sprintf                 cstackBANK0  002E
Bcd_to_Dec@bcd            cstackBANK0  0027
Bcd_to_Dec@dec            cstackBANK0  0026
Dec_to_Bcd@bcd_number     cstackBANK0  0021
Dec_to_Bcd@dec_number     cstackBANK0  0020
I2C_Init_Master@sp_i2c    cstackBANK0  0020
I2C_Write@data            cstackBANK0  0020
Lcd_Cmd@a                 cstackBANK0  0023
Lcd_Port@a                cstackBANK0  0020
Lcd_Set_Cursor@a          cstackBANK0  0026
Lcd_Set_Cursor@b          cstackBANK0  0024
Lcd_Set_Cursor@temp       cstackBANK0  0029
Lcd_Set_Cursor@y          cstackBANK0  0028
Lcd_Set_Cursor@z          cstackBANK0  0027
Lcd_Write_Char@a          cstackBANK0  0024
Lcd_Write_Char@temp       cstackBANK0  0022
Lcd_Write_Char@y          cstackBANK0  0023
Lcd_Write_String@a        cstackBANK0  0025
Lcd_Write_String@i        cstackBANK0  002A
Read@address              cstackBANK0  0022
Read@dato                 cstackBANK0  0023
Read_Fecha@d              cstackBANK0  002A
Read_Fecha@mo             cstackBANK0  0028
Read_Fecha@y              cstackBANK0  0029
Read_Time@h               cstackBANK0  0029
Read_Time@m               cstackBANK0  0028
Read_Time@s               cstackBANK0  002A
Set_day@day               cstackBANK0  0022
Set_day_week@day_week     cstackBANK0  0022
Set_hour@hour             cstackBANK0  0022
Set_month@month           cstackBANK0  0022
Set_sec@sec               cstackBANK0  0022
Set_year@year             cstackBANK0  0022
_ANSEL                    (abs)        0188
_ANSELH                   (abs)        0189
_Bcd_to_Dec               text28       07E1
_Dec_to_Bcd               text18       0CEE
_I2C_Init_Master          text2        0EF6
_I2C_Nack                 text27       0C87
_I2C_Read                 text26       0C92
_I2C_Restart              text25       0C69
_I2C_Start                text24       0C73
_I2C_Stop                 text23       0C7D
_I2C_Write                text22       0CB8
_INTCONbits               (abs)        000B
_IOCBbits                 (abs)        0096
_Lcd_Clear                text31       0C9D
_Lcd_Cmd                  text32       0D1B
_Lcd_Init                 text30       05D3
_Lcd_Port                 text33       0D37
_Lcd_Set_Cursor           text11       0687
_Lcd_Write_Char           text10       0F8B
_Lcd_Write_String         text9        0719
_OPTION_REGbits           (abs)        0081
_OSCCONbits               (abs)        008F
_PIR1bits                 (abs)        000C
_PORTB                    (abs)        0006
_PORTBbits                (abs)        0006
_PORTC                    (abs)        0007
_PORTD                    (abs)        0008
_PORTDbits                (abs)        0008
_Read                     text21       07A3
_Read_Fecha               text20       0F21
_Read_Time                text19       0F56
_SSPADD                   (abs)        0093
_SSPBUF                   (abs)        0013
_SSPCON                   (abs)        0014
_SSPCON2                  (abs)        0091
_SSPCON2bits              (abs)        0091
_SSPSTAT                  (abs)        0094
_Set_day                  text17       0DE5
_Set_day_week             text16       0E0C
_Set_hour                 text15       0E33
_Set_month                text14       0E5A
_Set_sec                  text13       0E81
_Set_year                 text12       0EA8
_Slave1                   text3        075F
_TRISB                    (abs)        0086
_TRISCbits                (abs)        0087
_TRISD                    (abs)        0088
_WPUBbits                 (abs)        0095
__Habs1                   abs1         0000
__Hbank0                  bank0        0000
__Hbank1                  bank1        0000
__Hbank2                  bank2        0000
__Hbank3                  bank3        0000
__HbssBANK0               bssBANK0     0000
__HbssCOMMON              bssCOMMON    0000
__Hcinit                  cinit        001F
__Hclrtext                clrtext      0000
__Hcode                   code         0000
__Hcommon                 common       0000
__Hconfig                 config       2009
__HcstackBANK0            cstackBANK0  0000
__HcstackCOMMON           cstackCOMMON 0000
__Heeprom_data            eeprom_data  0000
__Hend_init               end_init     000F
__Hfunctab                functab      0000
__Hidloc                  idloc        2004
__Hinit                   init         000C
__Hintentry               intentry     000C
__Hmaintext               maintext     0000
__Hpowerup                powerup      0000
__Hram                    ram          0000
__Hreset_vec              reset_vec    0003
__Hsfr0                   sfr0         0000
__Hsfr1                   sfr1         0000
__Hsfr2                   sfr2         0000
__Hsfr3                   sfr3         0000
__Hspace_0                (abs)        1000
__Hspace_1                (abs)        007A
__Hspace_2                (abs)        0000
__Hspace_3                (abs)        0000
__Hspace_4                (abs)        4010
__Hstack                  stack        0000
__Hstrings                strings      0000
__Htext                   text         0000
__Labs1                   abs1         0000
__Lbank0                  bank0        0000
__Lbank1                  bank1        0000
__Lbank2                  bank2        0000
__Lbank3                  bank3        0000
__LbssBANK0               bssBANK0     0000
__LbssCOMMON              bssCOMMON    0000
__Lcinit                  cinit        000F
__Lclrtext                clrtext      0000
__Lcode                   code         0000
__Lcommon                 common       0000
__Lconfig                 config       0000
__LcstackBANK0            cstackBANK0  0000
__LcstackCOMMON           cstackCOMMON 0000
__Leeprom_data            eeprom_data  0000
__Lend_init               end_init     000C
__Lfunctab                functab      0000
__Lidloc                  idloc        0000
__Linit                   init         000C
__Lintentry               intentry     0004
__Lmaintext               maintext     0000
__Lpowerup                powerup      0000
__Lram                    ram          0000
__Lreset_vec              reset_vec    0000
__Lsfr0                   sfr0         0000
__Lsfr1                   sfr1         0000
__Lsfr2                   sfr2         0000
__Lsfr3                   sfr3         0000
__Lspace_0                (abs)        0000
__Lspace_1                (abs)        0000
__Lspace_2                (abs)        0000
__Lspace_3                (abs)        0000
__Lspace_4                (abs)        0000
__Lstack                  stack        0000
__Lstrings                strings      0000
__Ltext                   text         0000
__S0                      (abs)        1000
__S1                      (abs)        007A
__S3                      (abs)        0000
___bmul                   text29       0D04
___bmul@multiplicand      cstackBANK0  0020
___bmul@multiplier        cstackBANK0  0023
___bmul@product           cstackBANK0  0022
___int_sp                 stack        0000
___latbits                (abs)        0002
___lwdiv                  text8        06D3
___lwdiv@counter          cstackBANK0  0027
___lwdiv@dividend         cstackBANK0  0022
___lwdiv@divisor          cstackBANK0  0020
___lwdiv@quotient         cstackBANK0  0025
___lwmod                  text7        0FC4
___lwmod@counter          cstackBANK0  002D
___lwmod@dividend         cstackBANK0  002A
___lwmod@divisor          cstackBANK0  0028
___sp                     stack        0000
___stackhi                (abs)        0000
___stacklo                (abs)        0000
___wmul                   text6        0ECF
___wmul@multiplicand      cstackBANK0  0022
___wmul@multiplier        cstackBANK0  0020
___wmul@product           cstackBANK0  0024
__end_of_Bcd_to_Dec       text28       07FD
__end_of_Dec_to_Bcd       text18       0D04
__end_of_I2C_Init_Master  text2        0F21
__end_of_I2C_Nack         text27       0C92
__end_of_I2C_Read         text26       0C9D
__end_of_I2C_Restart      text25       0C73
__end_of_I2C_Start        text24       0C7D
__end_of_I2C_Stop         text23       0C87
__end_of_I2C_Write        text22       0CC6
__end_of_Lcd_Clear        text31       0CAA
__end_of_Lcd_Cmd          text32       0D37
__end_of_Lcd_Init         text30       0638
__end_of_Lcd_Port         text33       0D57
__end_of_Lcd_Set_Cursor   text11       06D3
__end_of_Lcd_Write_Char   text10       0FC4
__end_of_Lcd_Write_String text9        075F
__end_of_Read             text21       07E1
__end_of_Read_Fecha       text20       0F56
__end_of_Read_Time        text19       0F8B
__end_of_Set_day          text17       0E0C
__end_of_Set_day_week     text16       0E33
__end_of_Set_hour         text15       0E5A
__end_of_Set_month        text14       0E81
__end_of_Set_sec          text13       0EA8
__end_of_Set_year         text12       0ECF
__end_of_Slave1           text3        07A3
__end_of___bmul           text29       0D1B
__end_of___lwdiv          text8        0719
__end_of___lwmod          text7        1000
__end_of___wmul           text6        0EF6
__end_of__initialization  cinit        001B
__end_of__stringtab       strings      0648
__end_of_dpowers          strings      0652
__end_of_isdigit          text5        0CEE
__end_of_isr              text34       03FC
__end_of_main             maintext     0211
__end_of_setup            text1        0DE5
__end_of_sprintf          text4        05D3
__end_ofi1_Dec_to_Bcd     text41       0CDA
__end_ofi1_I2C_Start      text40       0C5F
__end_ofi1_I2C_Stop       text39       0C69
__end_ofi1_I2C_Write      text38       0CB8
__end_ofi1_Set_day        text37       0D7A
__end_ofi1_Set_month      text36       0D9D
__end_ofi1_Set_year       text35       0DC0
__initialization          cinit        000F
__pbssBANK0               bssBANK0     0049
__pbssCOMMON              bssCOMMON    0077
__pcstackBANK0            cstackBANK0  0020
__pcstackCOMMON           cstackCOMMON 0070
__pintentry               intentry     0004
__pmaintext               maintext     001F
__pstrings                strings      0638
__ptext1                  text1        0DC0
__ptext10                 text10       0F8B
__ptext11                 text11       0687
__ptext12                 text12       0EA8
__ptext13                 text13       0E81
__ptext14                 text14       0E5A
__ptext15                 text15       0E33
__ptext16                 text16       0E0C
__ptext17                 text17       0DE5
__ptext18                 text18       0CEE
__ptext19                 text19       0F56
__ptext2                  text2        0EF6
__ptext20                 text20       0F21
__ptext21                 text21       07A3
__ptext22                 text22       0CB8
__ptext23                 text23       0C7D
__ptext24                 text24       0C73
__ptext25                 text25       0C69
__ptext26                 text26       0C92
__ptext27                 text27       0C87
__ptext28                 text28       07E1
__ptext29                 text29       0D04
__ptext3                  text3        075F
__ptext30                 text30       05D3
__ptext31                 text31       0C9D
__ptext32                 text32       0D1B
__ptext33                 text33       0D37
__ptext34                 text34       0211
__ptext35                 text35       0D9D
__ptext36                 text36       0D7A
__ptext37                 text37       0D57
__ptext38                 text38       0CAA
__ptext39                 text39       0C5F
__ptext4                  text4        03FC
__ptext40                 text40       0C55
__ptext41                 text41       0CC6
__ptext5                  text5        0CDA
__ptext6                  text6        0ECF
__ptext7                  text7        0FC4
__ptext8                  text8        06D3
__ptext9                  text9        0719
__stringbase              strings      0647
__stringtab               strings      0638
_ano                      bssBANK0     005F
_bandera                  bssCOMMON    0079
_buffer                   bssBANK0     004B
_dia                      bssBANK0     0061
_dpowers                  strings      0648
_hora                     bssBANK0     0062
_isdigit                  text5        0CDA
_isdigit$1027             cstackBANK0  0020
_isr                      text34       0211
_main                     maintext     001F
_mes                      bssBANK0     0060
_minuto                   bssBANK0     0063
_segundo                  bssBANK0     0064
_selector                 bssBANK0     004A
_setup                    text1        0DC0
_sprintf                  text4        03FC
_voltaje                  bssBANK0     0049
btemp                     (abs)        007E
clear_ram0                clrtext      0C4D
end_of_initialization     cinit        001B
i1Dec_to_Bcd@bcd_number   cstackCOMMON 0071
i1Dec_to_Bcd@dec_number   cstackCOMMON 0070
i1I2C_Write@data          cstackCOMMON 0070
i1Set_day@day             cstackCOMMON 0072
i1Set_month@month         cstackCOMMON 0072
i1Set_year@year           cstackCOMMON 0072
i1_Dec_to_Bcd             text41       0CC6
i1_I2C_Start              text40       0C55
i1_I2C_Stop               text39       0C5F
i1_I2C_Write              text38       0CAA
i1_Set_day                text37       0D57
i1_Set_month              text36       0D7A
i1_Set_year               text35       0D9D
interrupt_function        intentry     0004
intlevel0                 functab      0000
intlevel1                 functab      0000
intlevel2                 functab      0000
intlevel3                 functab      0000
intlevel4                 functab      0000
intlevel5                 functab      0000
isdigit@c                 cstackBANK0  0021
reset_vec                 reset_vec    0000
saved_w                   (abs)        007E
sprintf@ap                cstackBANK0  0039
sprintf@c                 cstackBANK0  003F
sprintf@f                 cstackBANK0  002E
sprintf@flag              cstackBANK0  003C
sprintf@prec              cstackBANK0  0038
sprintf@sp                cstackBANK0  0040
sprintf@val               cstackBANK0  003A
sprintf@width             cstackBANK0  003D
start                     init         000C
start_initialization      cinit        000F
wtemp0                    (abs)        007E


MODULE INFORMATION

Module		Function		Class		Link	Load	Size
E:\Program Files\Microchip\xc8\v2.40\pic\sources\c90\common\lwmod.c
		___lwmod       		CODE           	0FC4	0000	60

E:\Program Files\Microchip\xc8\v2.40\pic\sources\c90\common\lwmod.c estimated size: 60

i2c.c
		_I2C_Init_Master		CODE           	0EF6	0000	43
		_I2C_Write     		CODE           	0CB8	0000	14
		_I2C_Stop      		CODE           	0C7D	0000	10
		_I2C_Read      		CODE           	0C92	0000	11
		_I2C_Nack      		CODE           	0C87	0000	11
		_I2C_Start     		CODE           	0C73	0000	10
		_I2C_Restart   		CODE           	0C69	0000	10

i2c.c estimated size: 109

E:\Program Files\Microchip\xc8\v2.40\pic\sources\c90\common\lwdiv.c
		___lwdiv       		CODE           	06D3	0000	70

E:\Program Files\Microchip\xc8\v2.40\pic\sources\c90\common\lwdiv.c estimated size: 70

E:\Program Files\Microchip\xc8\v2.40\pic\sources\c90\common\Umul8.c
		___bmul        		CODE           	0D04	0000	23

E:\Program Files\Microchip\xc8\v2.40\pic\sources\c90\common\Umul8.c estimated size: 23

shared
		__stringtab    		STRING         	0638	0000	16
		i1_I2C_Write   		CODE           	0CAA	0000	14
		_dpowers       		STRING         	0648	0000	10
		i1_Set_day     		CODE           	0D57	0000	35
		i1_I2C_Stop    		CODE           	0C5F	0000	10
		i1_I2C_Start   		CODE           	0C55	0000	10
		__initialization		CODE           	000F	0000	12
		i1_Set_month   		CODE           	0D7A	0000	35
		i1_Set_year    		CODE           	0D9D	0000	35
		i1_Dec_to_Bcd  		CODE           	0CC6	0000	20

shared estimated size: 197

E:\Program Files\Microchip\xc8\v2.40\pic\sources\c90\common\isdigit.c
		_isdigit       		CODE           	0CDA	0000	20

E:\Program Files\Microchip\xc8\v2.40\pic\sources\c90\common\isdigit.c estimated size: 20

main_master.c
		_Set_day       		CODE           	0DE5	0000	39
		_Set_day_week  		CODE           	0E0C	0000	39
		_main          		CODE           	001F	0000	498
		_Read_Time     		CODE           	0F56	0000	53
		_isr           		CODE           	0211	0000	491
		_Set_year      		CODE           	0EA8	0000	39
		_setup         		CODE           	0DC0	0000	37
		_Read_Fecha    		CODE           	0F21	0000	53
		_Slave1        		CODE           	075F	0000	68
		_Set_hour      		CODE           	0E33	0000	39
		_Bcd_to_Dec    		CODE           	07E1	0000	28
		_Read          		CODE           	07A3	0000	62
		_Dec_to_Bcd    		CODE           	0CEE	0000	22
		_Set_month     		CODE           	0E5A	0000	39
		_Set_sec       		CODE           	0E81	0000	39

main_master.c estimated size: 1546

E:\Program Files\Microchip\xc8\v2.40\pic\sources\c90\common\doprnt.c
		_sprintf       		CODE           	03FC	0000	471

E:\Program Files\Microchip\xc8\v2.40\pic\sources\c90\common\doprnt.c estimated size: 471

E:\Program Files\Microchip\xc8\v2.40\pic\sources\c90\common\Umul16.c
		___wmul        		CODE           	0ECF	0000	39

E:\Program Files\Microchip\xc8\v2.40\pic\sources\c90\common\Umul16.c estimated size: 39

LCD.c
		_Lcd_Write_String		CODE           	0719	0000	70
		_Lcd_Init      		CODE           	05D3	0000	101
		_Lcd_Write_Char		CODE           	0F8B	0000	57
		_Lcd_Cmd       		CODE           	0D1B	0000	28
		_Lcd_Set_Cursor		CODE           	0687	0000	76
		_Lcd_Clear     		CODE           	0C9D	0000	13
		_Lcd_Port      		CODE           	0D37	0000	32

LCD.c estimated size: 377

